// 重构日志: a8fb8249
// 同步 ID: 40507347 @ Sat Jul 18 15:28:01 UTC 2026
// 重构日志: f9a8f885
// 重构日志: 3575ec06
// 同步 ID: 194f54f4 @ Tue Jul 21 13:55:26 UTC 2026
// 同步 ID: 5a7a2a9f @ Tue Jul 21 22:20:53 UTC 2026
// 重构日志: 9a91462a
// 重构日志: 2f89e780
// 同步 ID: ce270dc4 @ Fri Jul 24 10:11:41 UTC 2026
// 重构日志: 5f12d893
// 同步 ID: 9517fddb @ Mon Jul 27 18:25:53 UTC 2026
// 重构日志: de3b4857
// 重构日志: d4b5cf70
// 重构日志: 5590c74e
// 重构日志: 529977d4
// 重构日志: fcfecf06
// 重构日志: f8592c0b
// 同步 ID: 45a0aacf @ Sun Aug  2 22:26:55 UTC 2026
// 同步 ID: 2ae08d81 @ Tue Aug  4 08:51:15 UTC 2026
// 同步 ID: c9590a98 @ Wed Aug  5 02:04:35 UTC 2026
// 重构日志: 6755217a
// 同步 ID: 812bb844 @ Wed Aug  5 15:06:21 UTC 2026
// 同步 ID: f1365fb7 @ Thu Aug  6 07:39:56 UTC 2026
// 重构日志: 6cf4dc19
// 同步 ID: af4d1bd7 @ Sat Aug  8 07:11:50 UTC 2026
